https://github.com/jpmorganchase/quorum/wiki/Getting-Set-Up

Step.1 Clone quorum source
seb@BlockchainBeast:~/dev$ git clone https://github.com/jpmorganchase/quorum.git
Cloning into 'quorum'...
remote: Counting objects: 64773, done.
remote: Compressing objects: 100% (10/10), done.
remote: Total 64773 (delta 1), reused 2 (delta 0), pack-reused 64763
Receiving objects: 100% (64773/64773), 72.04 MiB | 6.64 MiB/s, done.
Resolving deltas: 100% (44529/44529), done.
Checking connectivity... done.
seb@BlockchainBeast:~/dev$ ls -l
total 8
drwxrwxr-x  4 seb seb 4096 Dec 12 16:20 GoProjects
drwxrwxr-x 41 seb seb 4096 Dec 12 16:37 quorum

Step.2 Build quorum
seb@BlockchainBeast:~/dev$ cd quorum/
seb@BlockchainBeast:~/dev/quorum$ make all
build/env.sh go run build/ci.go install
>>> /usr/local/go/bin/go install -ldflags -X main.gitCommit=0905eda48eb07a4ce0e7072c1a2ecbf690ddff77 -v github.com/ethereum/g                                             o-ethereum github.com/ethereum/go-ethereum/accounts github.com/ethereum/go-ethereum/accounts/abi github.com/ethereum/go-ether                                             eum/accounts/abi/bind github.com/ethereum/go-ethereum/accounts/abi/bind/backends github.com/ethereum/go-ethereum/accounts/key                                             store github.com/ethereum/go-ethereum/accounts/usbwallet github.com/ethereum/go-ethereum/accounts/usbwallet/internal/trezor g                                             ithub.com/ethereum/go-ethereum/bmt github.com/ethereum/go-ethereum/cmd/abigen github.com/ethereum/go-ethereum/cmd/bootnode gi                                             thub.com/ethereum/go-ethereum/cmd/evm github.com/ethereum/go-ethereum/cmd/evm/internal/compiler github.com/ethereum/go-ethere                                             um/cmd/faucet github.com/ethereum/go-ethereum/cmd/geth github.com/ethereum/go-ethereum/cmd/internal/browser github.com/ethere                                             um/go-ethereum/cmd/p2psim github.com/ethereum/go-ethereum/cmd/puppeth github.com/ethereum/go-ethereum/cmd/rlpdump github.com/                                             ethereum/go-ethereum/cmd/swarm github.com/ethereum/go-ethereum/cmd/utils github.com/ethereum/go-ethereum/cmd/wnode github.com                                             /ethereum/go-ethereum/common github.com/ethereum/go-ethereum/common/bitutil github.com/ethereum/go-ethereum/common/compiler g                                             ithub.com/ethereum/go-ethereum/common/hexutil github.com/ethereum/go-ethereum/common/math github.com/ethereum/go-ethereum/com                                             mon/mclock github.com/ethereum/go-ethereum/common/number github.com/ethereum/go-ethereum/compression/rle github.com/ethereum/                                             go-ethereum/consensus github.com/ethereum/go-ethereum/consensus/clique github.com/ethereum/go-ethereum/consensus/ethash githu                                             b.com/ethereum/go-ethereum/consensus/istanbul github.com/ethereum/go-ethereum/consensus/istanbul/backend github.com/ethereum/                                             go-ethereum/consensus/istanbul/core github.com/ethereum/go-ethereum/consensus/istanbul/validator github.com/ethereum/go-ether                                             eum/consensus/misc github.com/ethereum/go-ethereum/console github.com/ethereum/go-ethereum/contracts/chequebook github.com/et                                             hereum/go-ethereum/contracts/chequebook/contract github.com/ethereum/go-ethereum/contracts/ens github.com/ethereum/go-ethereu                                             m/contracts/ens/contract github.com/ethereum/go-ethereum/contracts/release github.com/ethereum/go-ethereum/core github.com/et                                             hereum/go-ethereum/core/asm github.com/ethereum/go-ethereum/core/bloombits github.com/ethereum/go-ethereum/core/state github.                                             com/ethereum/go-ethereum/core/types github.com/ethereum/go-ethereum/core/vm github.com/ethereum/go-ethereum/core/vm/runtime g                                             ithub.com/ethereum/go-ethereum/crypto github.com/ethereum/go-ethereum/crypto/bn256 github.com/ethereum/go-ethereum/crypto/eci                                             es github.com/ethereum/go-ethereum/crypto/randentropy github.com/ethereum/go-ethereum/crypto/secp256k1 github.com/ethereum/go                                             -ethereum/crypto/sha3 github.com/ethereum/go-ethereum/eth github.com/ethereum/go-ethereum/eth/downloader github.com/ethereum/                                             go-ethereum/eth/fetcher github.com/ethereum/go-ethereum/eth/filters github.com/ethereum/go-ethereum/eth/gasprice github.com/e                                             thereum/go-ethereum/ethclient github.com/ethereum/go-ethereum/ethdb github.com/ethereum/go-ethereum/ethstats github.com/ether                                             eum/go-ethereum/event github.com/ethereum/go-ethereum/event/filter github.com/ethereum/go-ethereum/internal/build github.com/                                             ethereum/go-ethereum/internal/cmdtest github.com/ethereum/go-ethereum/internal/debug github.com/ethereum/go-ethereum/internal                                             /ethapi github.com/ethereum/go-ethereum/internal/guide github.com/ethereum/go-ethereum/internal/jsre github.com/ethereum/go-e                                             thereum/internal/jsre/deps github.com/ethereum/go-ethereum/internal/web3ext github.com/ethereum/go-ethereum/les github.com/et                                             hereum/go-ethereum/les/flowcontrol github.com/ethereum/go-ethereum/light github.com/ethereum/go-ethereum/log github.com/ether                                             eum/go-ethereum/log/term github.com/ethereum/go-ethereum/metrics github.com/ethereum/go-ethereum/miner github.com/ethereum/go                                             -ethereum/mobile github.com/ethereum/go-ethereum/node github.com/ethereum/go-ethereum/p2p github.com/ethereum/go-ethereum/p2p                                             /discover github.com/ethereum/go-ethereum/p2p/discv5 github.com/ethereum/go-ethereum/p2p/nat github.com/ethereum/go-ethereum/                                             p2p/netutil github.com/ethereum/go-ethereum/p2p/simulations github.com/ethereum/go-ethereum/p2p/simulations/adapters github.c                                             om/ethereum/go-ethereum/p2p/simulations/examples github.com/ethereum/go-ethereum/params github.com/ethereum/go-ethereum/priva                                             te github.com/ethereum/go-ethereum/private/constellation github.com/ethereum/go-ethereum/raft github.com/ethereum/go-ethereum                                             /rlp github.com/ethereum/go-ethereum/rpc github.com/ethereum/go-ethereum/swarm github.com/ethereum/go-ethereum/swarm/api gith                                             ub.com/ethereum/go-ethereum/swarm/api/client github.com/ethereum/go-ethereum/swarm/api/http github.com/ethereum/go-ethereum/s                                             warm/fuse github.com/ethereum/go-ethereum/swarm/network github.com/ethereum/go-ethereum/swarm/network/kademlia github.com/eth                                             ereum/go-ethereum/swarm/services/swap github.com/ethereum/go-ethereum/swarm/services/swap/swap github.com/ethereum/go-ethereu                                             m/swarm/storage github.com/ethereum/go-ethereum/swarm/testutil github.com/ethereum/go-ethereum/tests github.com/ethereum/go-e                                             thereum/trie github.com/ethereum/go-ethereum/whisper/mailserver github.com/ethereum/go-ethereum/whisper/shhclient github.com/                                             ethereum/go-ethereum/whisper/whisperv2 github.com/ethereum/go-ethereum/whisper/whisperv5
github.com/ethereum/go-ethereum/crypto/sha3
github.com/ethereum/go-ethereum/common/hexutil
github.com/ethereum/go-ethereum/common/math
github.com/ethereum/go-ethereum/rlp
github.com/ethereum/go-ethereum/crypto/secp256k1
github.com/ethereum/go-ethereum/vendor/github.com/go-stack/stack
github.com/ethereum/go-ethereum/common
github.com/ethereum/go-ethereum/log
github.com/ethereum/go-ethereum/params
github.com/ethereum/go-ethereum/vendor/github.com/rcrowley/go-metrics
github.com/ethereum/go-ethereum/vendor/gopkg.in/karalabe/cookiejar.v2/collections/prque
github.com/ethereum/go-ethereum/vendor/github.com/aristanetworks/goarista/monotime
github.com/ethereum/go-ethereum/crypto/randentropy
github.com/ethereum/go-ethereum/common/mclock
github.com/ethereum/go-ethereum/event
github.com/ethereum/go-ethereum/vendor/github.com/pborman/uuid
github.com/ethereum/go-ethereum/vendor/github.com/rjeczalik/notify
github.com/ethereum/go-ethereum/vendor/golang.org/x/crypto/pbkdf2
github.com/ethereum/go-ethereum/vendor/golang.org/x/crypto/scrypt
github.com/ethereum/go-ethereum/vendor/gopkg.in/fatih/set.v0
github.com/ethereum/go-ethereum/vendor/golang.org/x/tools/go/ast/astutil
github.com/ethereum/go-ethereum/trie
github.com/ethereum/go-ethereum/vendor/github.com/edsrzf/mmap-go
github.com/ethereum/go-ethereum/common/bitutil
github.com/ethereum/go-ethereum/vendor/golang.org/x/tools/imports
github.com/ethereum/go-ethereum/vendor/github.com/rcrowley/go-metrics/exp
github.com/ethereum/go-ethereum/metrics
github.com/ethereum/go-ethereum/vendor/github.com/syndtr/goleveldb/leveldb/util
github.com/ethereum/go-ethereum/vendor/github.com/syndtr/goleveldb/leveldb/comparer
github.com/ethereum/go-ethereum/vendor/github.com/syndtr/goleveldb/leveldb/cache
github.com/ethereum/go-ethereum/vendor/github.com/syndtr/goleveldb/leveldb/storage
github.com/ethereum/go-ethereum/vendor/github.com/syndtr/goleveldb/leveldb/filter
github.com/ethereum/go-ethereum/vendor/github.com/golang/snappy
github.com/ethereum/go-ethereum/vendor/github.com/syndtr/goleveldb/leveldb/opt
github.com/ethereum/go-ethereum/vendor/github.com/hashicorp/golang-lru/simplelru
github.com/ethereum/go-ethereum/vendor/github.com/huin/goupnp/httpu
github.com/ethereum/go-ethereum/vendor/github.com/hashicorp/golang-lru
github.com/ethereum/go-ethereum/vendor/github.com/syndtr/goleveldb/leveldb/errors
github.com/ethereum/go-ethereum/vendor/github.com/syndtr/goleveldb/leveldb/iterator
github.com/ethereum/go-ethereum/vendor/github.com/syndtr/goleveldb/leveldb/journal
github.com/ethereum/go-ethereum/vendor/github.com/huin/goupnp/scpd
github.com/ethereum/go-ethereum/vendor/github.com/syndtr/goleveldb/leveldb/memdb
github.com/ethereum/go-ethereum/vendor/github.com/syndtr/goleveldb/leveldb/table
github.com/ethereum/go-ethereum/vendor/github.com/huin/goupnp/soap
github.com/ethereum/go-ethereum/vendor/github.com/huin/goupnp/ssdp
github.com/ethereum/go-ethereum/vendor/golang.org/x/net/html/atom
github.com/ethereum/go-ethereum/vendor/golang.org/x/text/encoding/internal/identifier
github.com/ethereum/go-ethereum/vendor/golang.org/x/text/transform
github.com/ethereum/go-ethereum/vendor/golang.org/x/net/html
github.com/ethereum/go-ethereum/vendor/golang.org/x/text/encoding
github.com/ethereum/go-ethereum/vendor/github.com/syndtr/goleveldb/leveldb
github.com/ethereum/go-ethereum/vendor/golang.org/x/text/encoding/internal
github.com/ethereum/go-ethereum/vendor/golang.org/x/text/encoding/charmap
github.com/ethereum/go-ethereum/vendor/golang.org/x/text/encoding/japanese
github.com/ethereum/go-ethereum/vendor/golang.org/x/text/encoding/korean
github.com/ethereum/go-ethereum/vendor/golang.org/x/text/encoding/simplifiedchinese
github.com/ethereum/go-ethereum/vendor/golang.org/x/text/encoding/traditionalchinese
github.com/ethereum/go-ethereum/ethdb
github.com/ethereum/go-ethereum/vendor/golang.org/x/text/internal/utf8internal
github.com/ethereum/go-ethereum/vendor/golang.org/x/text/runes
github.com/ethereum/go-ethereum/vendor/golang.org/x/text/internal/tag
github.com/ethereum/go-ethereum/vendor/github.com/jackpal/go-nat-pmp
github.com/ethereum/go-ethereum/vendor/golang.org/x/text/language
github.com/ethereum/go-ethereum/vendor/golang.org/x/text/encoding/unicode
github.com/ethereum/go-ethereum/p2p/netutil
github.com/ethereum/go-ethereum/vendor/golang.org/x/net/context
github.com/ethereum/go-ethereum/vendor/golang.org/x/net/websocket
github.com/ethereum/go-ethereum/vendor/github.com/rs/xhandler
github.com/ethereum/go-ethereum/vendor/github.com/rs/cors
github.com/ethereum/go-ethereum/crypto/bn256
github.com/ethereum/go-ethereum/rpc
github.com/ethereum/go-ethereum/vendor/golang.org/x/text/encoding/htmlindex
github.com/ethereum/go-ethereum/vendor/golang.org/x/net/html/charset
github.com/ethereum/go-ethereum/vendor/github.com/huin/goupnp
github.com/ethereum/go-ethereum/vendor/github.com/huin/goupnp/dcps/internetgateway1
github.com/ethereum/go-ethereum/vendor/github.com/huin/goupnp/dcps/internetgateway2
github.com/ethereum/go-ethereum/vendor/golang.org/x/crypto/ripemd160
github.com/ethereum/go-ethereum/vendor/github.com/BurntSushi/toml
github.com/ethereum/go-ethereum/vendor/github.com/patrickmn/go-cache
github.com/ethereum/go-ethereum/p2p/nat
github.com/ethereum/go-ethereum/vendor/github.com/tv42/httpunix
github.com/ethereum/go-ethereum/vendor/github.com/golang/protobuf/proto
github.com/ethereum/go-ethereum/vendor/github.com/karalabe/hid
github.com/ethereum/go-ethereum/private/constellation
github.com/ethereum/go-ethereum/private
github.com/ethereum/go-ethereum/bmt
github.com/ethereum/go-ethereum/common/compiler
github.com/ethereum/go-ethereum/vendor/gopkg.in/sourcemap.v1/base64vlq
github.com/ethereum/go-ethereum/vendor/gopkg.in/sourcemap.v1
github.com/ethereum/go-ethereum/vendor/github.com/robertkrimen/otto/file
github.com/ethereum/go-ethereum/vendor/github.com/robertkrimen/otto/token
github.com/ethereum/go-ethereum/vendor/github.com/robertkrimen/otto/ast
github.com/ethereum/go-ethereum/vendor/github.com/golang/protobuf/protoc-gen-go/descriptor
github.com/ethereum/go-ethereum/vendor/github.com/robertkrimen/otto/dbg
github.com/ethereum/go-ethereum/vendor/github.com/robertkrimen/otto/parser
github.com/ethereum/go-ethereum/accounts/usbwallet/internal/trezor
github.com/ethereum/go-ethereum/vendor/github.com/robertkrimen/otto/registry
github.com/ethereum/go-ethereum/vendor/github.com/robertkrimen/otto
github.com/ethereum/go-ethereum/log/term
github.com/ethereum/go-ethereum/vendor/github.com/mattn/go-colorable
github.com/ethereum/go-ethereum/vendor/gopkg.in/urfave/cli.v1
github.com/ethereum/go-ethereum/internal/debug
github.com/ethereum/go-ethereum/vendor/github.com/prometheus/prometheus/util/flock
github.com/ethereum/go-ethereum/les/flowcontrol
github.com/ethereum/go-ethereum/vendor/golang.org/x/sync/syncmap
github.com/ethereum/go-ethereum/cmd/internal/browser
github.com/ethereum/go-ethereum/internal/jsre/deps
github.com/ethereum/go-ethereum/vendor/github.com/mattn/go-isatty
github.com/ethereum/go-ethereum/vendor/github.com/fatih/color
github.com/ethereum/go-ethereum/internal/web3ext
github.com/ethereum/go-ethereum/vendor/github.com/peterh/liner
github.com/ethereum/go-ethereum/crypto
github.com/ethereum/go-ethereum/vendor/github.com/coreos/etcd/raft/raftpb
github.com/ethereum/go-ethereum/core/types
github.com/ethereum/go-ethereum/accounts/abi
github.com/ethereum/go-ethereum
github.com/ethereum/go-ethereum/core/state
github.com/ethereum/go-ethereum/accounts
github.com/ethereum/go-ethereum/accounts/keystore
github.com/ethereum/go-ethereum/crypto/ecies
github.com/ethereum/go-ethereum/p2p/discover
github.com/ethereum/go-ethereum/accounts/abi/bind
github.com/ethereum/go-ethereum/p2p/discv5
github.com/ethereum/go-ethereum/consensus/misc
github.com/ethereum/go-ethereum/core/vm
github.com/ethereum/go-ethereum/cmd/abigen
github.com/ethereum/go-ethereum/p2p
github.com/ethereum/go-ethereum/consensus/istanbul
github.com/ethereum/go-ethereum/consensus/istanbul/validator
github.com/ethereum/go-ethereum/core/bloombits
github.com/ethereum/go-ethereum/accounts/usbwallet
github.com/ethereum/go-ethereum/core/asm
github.com/ethereum/go-ethereum/ethclient
github.com/ethereum/go-ethereum/consensus
github.com/ethereum/go-ethereum/node
github.com/ethereum/go-ethereum/whisper/whisperv5
github.com/ethereum/go-ethereum/cmd/evm/internal/compiler
github.com/ethereum/go-ethereum/internal/jsre
github.com/ethereum/go-ethereum/consensus/ethash
github.com/ethereum/go-ethereum/consensus/clique
github.com/ethereum/go-ethereum/consensus/istanbul/core
github.com/ethereum/go-ethereum/core
github.com/ethereum/go-ethereum/eth/fetcher
github.com/ethereum/go-ethereum/console
github.com/ethereum/go-ethereum/vendor/github.com/eapache/queue
github.com/ethereum/go-ethereum/vendor/github.com/eapache/channels
github.com/ethereum/go-ethereum/vendor/github.com/coreos/go-systemd/journal
github.com/ethereum/go-ethereum/vendor/github.com/coreos/etcd/raft
github.com/ethereum/go-ethereum/vendor/github.com/coreos/pkg/capnslog
github.com/ethereum/go-ethereum/vendor/github.com/coreos/etcd/pkg/types
github.com/ethereum/go-ethereum/vendor/github.com/coreos/etcd/pkg/httputil
github.com/ethereum/go-ethereum/vendor/github.com/coreos/etcd/pkg/fileutil
github.com/ethereum/go-ethereum/vendor/github.com/coreos/etcd/pkg/logutil
github.com/ethereum/go-ethereum/vendor/github.com/coreos/etcd/pkg/pbutil
github.com/ethereum/go-ethereum/vendor/github.com/coreos/etcd/pkg/tlsutil
github.com/ethereum/go-ethereum/vendor/github.com/coreos/etcd/pkg/ioutil
github.com/ethereum/go-ethereum/vendor/github.com/coreos/etcd/pkg/transport
github.com/ethereum/go-ethereum/vendor/github.com/coreos/etcd/snap/snappb
github.com/ethereum/go-ethereum/vendor/github.com/beorn7/perks/quantile
github.com/ethereum/go-ethereum/vendor/github.com/coreos/etcd/etcdserver/stats
github.com/ethereum/go-ethereum/vendor/github.com/prometheus/client_model/go
github.com/ethereum/go-ethereum/vendor/github.com/matttproud/golang_protobuf_extensions/pbutil
github.com/ethereum/go-ethereum/vendor/github.com/prometheus/common/internal/bitbucket.org/ww/goautoneg
github.com/ethereum/go-ethereum/vendor/github.com/prometheus/common/model
github.com/ethereum/go-ethereum/vendor/github.com/prometheus/procfs
github.com/ethereum/go-ethereum/vendor/github.com/coreos/go-semver/semver
github.com/ethereum/go-ethereum/vendor/github.com/coreos/etcd/version
github.com/ethereum/go-ethereum/vendor/github.com/xiang90/probing
github.com/ethereum/go-ethereum/accounts/abi/bind/backends
github.com/ethereum/go-ethereum/consensus/istanbul/backend
github.com/ethereum/go-ethereum/eth/downloader
github.com/ethereum/go-ethereum/eth/filters
github.com/ethereum/go-ethereum/light
github.com/ethereum/go-ethereum/core/vm/runtime
github.com/ethereum/go-ethereum/tests
github.com/ethereum/go-ethereum/vendor/github.com/prometheus/common/expfmt
github.com/ethereum/go-ethereum/vendor/github.com/coreos/etcd/pkg/crc
github.com/ethereum/go-ethereum/vendor/github.com/coreos/etcd/wal/walpb
github.com/ethereum/go-ethereum/internal/ethapi
github.com/ethereum/go-ethereum/miner
github.com/ethereum/go-ethereum/vendor/gopkg.in/oleiade/lane.v1
github.com/ethereum/go-ethereum/vendor/github.com/prometheus/client_golang/prometheus
github.com/ethereum/go-ethereum/vendor/github.com/maruel/panicparse/stack
github.com/ethereum/go-ethereum/vendor/github.com/mattn/go-runewidth
github.com/ethereum/go-ethereum/vendor/github.com/mitchellh/go-wordwrap
github.com/ethereum/go-ethereum/vendor/github.com/naoina/go-stringutil
github.com/ethereum/go-ethereum/vendor/github.com/nsf/termbox-go
github.com/ethereum/go-ethereum/eth/gasprice
github.com/ethereum/go-ethereum/vendor/github.com/naoina/toml/ast
github.com/ethereum/go-ethereum/vendor/github.com/naoina/toml
github.com/ethereum/go-ethereum/vendor/github.com/coreos/etcd/snap
github.com/ethereum/go-ethereum/vendor/github.com/coreos/etcd/wal
github.com/ethereum/go-ethereum/eth
github.com/ethereum/go-ethereum/vendor/github.com/coreos/etcd/rafthttp
github.com/ethereum/go-ethereum/vendor/github.com/gizak/termui
github.com/ethereum/go-ethereum/vendor/github.com/docker/docker/pkg/reexec
github.com/ethereum/go-ethereum/p2p/simulations/adapters
github.com/ethereum/go-ethereum/vendor/github.com/julienschmidt/httprouter
github.com/ethereum/go-ethereum/vendor/github.com/olekukonko/tablewriter
github.com/ethereum/go-ethereum/vendor/golang.org/x/crypto/curve25519
github.com/ethereum/go-ethereum/vendor/golang.org/x/crypto/ed25519/internal/edwards25519
github.com/ethereum/go-ethereum/p2p/simulations
github.com/ethereum/go-ethereum/vendor/golang.org/x/crypto/ssh/terminal
github.com/ethereum/go-ethereum/vendor/golang.org/x/crypto/ed25519
github.com/ethereum/go-ethereum/vendor/golang.org/x/crypto/ssh
github.com/ethereum/go-ethereum/cmd/rlpdump
github.com/ethereum/go-ethereum/les
github.com/ethereum/go-ethereum/raft
github.com/ethereum/go-ethereum/cmd/p2psim
github.com/ethereum/go-ethereum/contracts/ens/contract
github.com/ethereum/go-ethereum/cmd/puppeth
github.com/ethereum/go-ethereum/contracts/ens
github.com/ethereum/go-ethereum/contracts/chequebook/contract
github.com/ethereum/go-ethereum/ethstats
github.com/ethereum/go-ethereum/contracts/release
github.com/ethereum/go-ethereum/swarm/services/swap/swap
github.com/ethereum/go-ethereum/cmd/utils
github.com/ethereum/go-ethereum/cmd/faucet
github.com/ethereum/go-ethereum/contracts/chequebook
github.com/ethereum/go-ethereum/cmd/bootnode
github.com/ethereum/go-ethereum/cmd/evm
github.com/ethereum/go-ethereum/cmd/geth
github.com/ethereum/go-ethereum/swarm/network/kademlia
github.com/ethereum/go-ethereum/swarm/services/swap
github.com/ethereum/go-ethereum/compression/rle
github.com/ethereum/go-ethereum/swarm/storage
github.com/ethereum/go-ethereum/vendor/bazil.org/fuse
github.com/ethereum/go-ethereum/whisper/mailserver
github.com/ethereum/go-ethereum/cmd/wnode
github.com/ethereum/go-ethereum/swarm/network
github.com/ethereum/go-ethereum/vendor/bazil.org/fuse/fuseutil
github.com/ethereum/go-ethereum/vendor/bazil.org/fuse/fs
github.com/ethereum/go-ethereum/common/number
github.com/ethereum/go-ethereum/swarm/api
github.com/ethereum/go-ethereum/event/filter
github.com/ethereum/go-ethereum/vendor/github.com/Azure/go-autorest/autorest
github.com/ethereum/go-ethereum/swarm/api/http
github.com/ethereum/go-ethereum/swarm/fuse
github.com/ethereum/go-ethereum/swarm/api/client
github.com/ethereum/go-ethereum/swarm
github.com/ethereum/go-ethereum/vendor/github.com/Azure/go-autorest/autorest/date
github.com/ethereum/go-ethereum/cmd/swarm
github.com/ethereum/go-ethereum/vendor/github.com/dgrijalva/jwt-go
github.com/ethereum/go-ethereum/vendor/github.com/Azure/go-autorest/autorest/azure
github.com/ethereum/go-ethereum/vendor/golang.org/x/crypto/openpgp/errors
github.com/ethereum/go-ethereum/vendor/golang.org/x/crypto/openpgp/armor
github.com/ethereum/go-ethereum/vendor/golang.org/x/crypto/cast5
github.com/ethereum/go-ethereum/vendor/golang.org/x/crypto/openpgp/elgamal
github.com/ethereum/go-ethereum/vendor/github.com/Azure/azure-storage-go
github.com/ethereum/go-ethereum/vendor/golang.org/x/crypto/openpgp/s2k
github.com/ethereum/go-ethereum/vendor/golang.org/x/crypto/openpgp/packet
github.com/ethereum/go-ethereum/internal/cmdtest
github.com/ethereum/go-ethereum/internal/guide
github.com/ethereum/go-ethereum/mobile
github.com/ethereum/go-ethereum/vendor/golang.org/x/crypto/openpgp
github.com/ethereum/go-ethereum/p2p/simulations/examples
github.com/ethereum/go-ethereum/internal/build
github.com/ethereum/go-ethereum/swarm/testutil
github.com/ethereum/go-ethereum/whisper/shhclient
github.com/ethereum/go-ethereum/whisper/whisperv2

seb@BlockchainBeast:~/dev/quorum$ ls -l
total 248
drwxrwxr-x  5 seb seb  4096 Dec 12 16:37 accounts
-rw-rw-r--  1 seb seb  1104 Dec 12 16:37 appveyor.yml
-rw-rw-r--  1 seb seb  3289 Dec 12 16:37 AUTHORS
drwxrwxr-x  2 seb seb  4096 Dec 12 16:37 bmt
drwxrwxr-x  4 seb seb  4096 Dec 12 16:38 build
-rw-rw-r--  1 seb seb   429 Dec 12 16:37 BUILDING.md
-rw-rw-r--  1 seb seb  1544 Dec 12 16:37 circle.yml
drwxrwxr-x 14 seb seb  4096 Dec 12 16:37 cmd
drwxrwxr-x  8 seb seb  4096 Dec 12 16:37 common
drwxrwxr-x  3 seb seb  4096 Dec 12 16:37 compression
drwxrwxr-x  6 seb seb  4096 Dec 12 16:37 consensus
drwxrwxr-x  3 seb seb  4096 Dec 12 16:37 console
drwxrwxr-x  4 seb seb  4096 Dec 12 16:37 containers
drwxrwxr-x  5 seb seb  4096 Dec 12 16:37 contracts
-rw-rw-r--  1 seb seb 32397 Dec 12 16:37 COPYING
-rw-rw-r--  1 seb seb  7651 Dec 12 16:37 COPYING.LESSER
drwxrwxr-x  8 seb seb  4096 Dec 12 16:37 core
drwxrwxr-x  7 seb seb  4096 Dec 12 16:37 crypto
-rw-rw-r--  1 seb seb   422 Dec 12 16:37 Dockerfile
drwxrwxr-x  2 seb seb  4096 Dec 12 16:37 docs
drwxrwxr-x  6 seb seb  4096 Dec 12 16:37 eth
drwxrwxr-x  2 seb seb  4096 Dec 12 16:37 ethclient
drwxrwxr-x  2 seb seb  4096 Dec 12 16:37 ethdb
drwxrwxr-x  2 seb seb  4096 Dec 12 16:37 ethstats
drwxrwxr-x  3 seb seb  4096 Dec 12 16:37 event
-rw-rw-r--  1 seb seb  2064 Dec 12 16:37 HACKING.md
-rw-rw-r--  1 seb seb 10555 Dec 12 16:37 interfaces.go
drwxrwxr-x  9 seb seb  4096 Dec 12 16:37 internal
drwxrwxr-x  3 seb seb  4096 Dec 12 16:37 les
drwxrwxr-x  2 seb seb  4096 Dec 12 16:37 light
drwxrwxr-x  3 seb seb  4096 Dec 12 16:37 log
-rw-rw-r--  1 seb seb  5246 Dec 12 16:37 Makefile
drwxrwxr-x  2 seb seb  4096 Dec 12 16:37 metrics
drwxrwxr-x  2 seb seb  4096 Dec 12 16:37 miner
drwxrwxr-x  2 seb seb  4096 Dec 12 16:37 mobile
drwxrwxr-x  2 seb seb  4096 Dec 12 16:37 node
drwxrwxr-x  7 seb seb  4096 Dec 12 16:37 p2p
drwxrwxr-x  2 seb seb  4096 Dec 12 16:37 params
drwxrwxr-x  3 seb seb  4096 Dec 12 16:37 private
drwxrwxr-x  2 seb seb  4096 Dec 12 16:37 raft
-rw-rw-r--  1 seb seb  8489 Dec 12 16:37 README.md
drwxrwxr-x  2 seb seb  4096 Dec 12 16:37 rlp
drwxrwxr-x  2 seb seb  4096 Dec 12 16:37 rpc
drwxrwxr-x  9 seb seb  4096 Dec 12 16:37 swarm
drwxrwxr-x  2 seb seb  4096 Dec 12 16:37 tests
drwxrwxr-x  2 seb seb  4096 Dec 12 16:37 trie
drwxrwxr-x  6 seb seb  4096 Dec 12 16:37 vendor
-rw-rw-r--  1 seb seb     6 Dec 12 16:37 VERSION
drwxrwxr-x  6 seb seb  4096 Dec 12 16:37 whisper

Step.3 Copy constellation binary
seb@BlockchainBeast:~/dev/linux/quorum/constellation$ ls -l
total 4464
-rw-rw-r-- 1 seb seb   38358 Dec 12 16:51 constellation-0.2.0.tar.gz
-rw-rw-r-- 1 seb seb 4450104 Dec 12 16:51 constellation-0.2.0-ubuntu1604.tar.xz
-rw-rw-r-- 1 seb seb   75836 Dec 12 16:51 constellation-0.2.0.zip
seb@BlockchainBeast:~/dev/linux/quorum/constellation$ tar -xvf constellation-0.2.0-ubuntu1604.tar.xz

seb@BlockchainBeast:~/dev/linux/quorum/constellation$ cd  constellation-0.2.0-ubuntu1604
seb@BlockchainBeast:~/dev/linux/quorum/constellation/constellation-0.2.0-ubuntu1604$ cp constellation-node ~/dev/quorum/build/bin
seb@BlockchainBeast:~/dev/quorum$ ls build/bin
abigen  bootnode  constellation-node  evm  examples  faucet  geth  p2psim  puppeth  rlpdump  swarm  wnode

